/home/martin/NetBeansProjects/Hotel/src/main/java/com/guarderiaJunior/Clases/ServicioExtra.java
/home/martin/NetBeansProjects/Hotel/src/main/java/com/guarderiaJunior/Models/personalRepository.java
/home/martin/NetBeansProjects/Hotel/src/main/java/com/guarderiaJunior/controllers/Hotelcontrollers.java
/home/martin/NetBeansProjects/Hotel/src/main/java/com/guarderiaJunior/Clases/Habitaciones.java
/home/martin/NetBeansProjects/Hotel/src/main/java/com/guarderiaJunior/Clases/Personal.java
/home/martin/NetBeansProjects/Hotel/src/main/java/com/guarderiaJunior/Models/reservaRepository.java
/home/martin/NetBeansProjects/Hotel/src/main/java/com/guarderiaJunior/Hotel/HotelApplication.java
/home/martin/NetBeansProjects/Hotel/src/main/java/com/guarderiaJunior/Clases/Ingresos_Caja.java
/home/martin/NetBeansProjects/Hotel/src/main/java/com/guarderiaJunior/Clases/Clientes.java
/home/martin/NetBeansProjects/Hotel/src/main/java/com/guarderiaJunior/Models/clienteRepository.java
/home/martin/NetBeansProjects/Hotel/src/main/java/com/guarderiaJunior/Models/servicioExtraRepository.java
/home/martin/NetBeansProjects/Hotel/src/main/java/com/guarderiaJunior/Clases/Reservas.java
